// Jest Snapshot v1, https://jestjs.io/docs/snapshot-testing

exports[`Home page snapshot tests devrait correspondre à un snapshot stable 1`] = `
<DocumentFragment>
  <main
    class="min-h-screen bg-background text-foreground"
  >
    <div
      class="relative w-full h-[250px] md:h-[300x] lg:h-[350px] xl:h-[450px] 2xl:h-[500px] overflow-hidden"
    >
      <img
        alt="image-sport"
        class="object-cover w-full h-full"
        sizes=" 100vw "
        src="/sport-acceuil.jpg"
      />
      <div
        class="absolute inset-0 bg-gradient-to-b from-transparent to-card"
      />
    </div>
    <a
      href="/Promo"
    >
      <div
        class="relative overflow-hidden bg-primary text-white py-3 text-2xl cursor-pointer hover:bg-primary/90 transition-colors"
      >
        <div
          class="pointer-events-none absolute left-0 top-0 h-full w-16 bg-gradient-to-r from-primary to-transparent z-10"
        />
        <div
          class="pointer-events-none absolute right-0 top-0 h-full w-16 bg-gradient-to-l from-primary to-transparent z-10"
        />
        <p
          class="animate-band md:animate-bandMB lg:animate-bandLG xl:animate-bandXL hover:[animation-play-state:paused] whitespace-nowrap font-semibold text-center px-4 tracking-wide"
        >
          🎉 
          <strong>
            Promo
          </strong>
           : 10 séances de coaching 
          <strong
            class="text-card"
          >
            350 €
          </strong>
           au lieu de 
          <strong
            class="line-through text-card"
          >
            450 €
          </strong>
           / 5 séances de réflexologie 
          <strong
            class="text-card"
          >
            215 €
          </strong>
           au lieu de 
          <strong
            class="line-through text-card"
          >
            225 €
          </strong>
           / Rituel bain sensoriel nourrisson à domicile 
          <strong
            class="text-card"
          >
            100 €
          </strong>
           au lieu de 
          <strong
            class="line-through text-card"
          >
            170 €
          </strong>
           / Plan nutritionnel 
          <strong
            class="taxt-card"
          >
            100 €
          </strong>
           au lieu de 
          <strong
            class="line-through text-card"
          >
            200 €
          </strong>
        </p>
      </div>
    </a>
    <section
      class="w-full py-10 px-6 text-center"
    >
      <h1
        class="text-[24px] font-bold md:text-5xl mb-4"
      >
        Atteins tes objectifs avec 
        <br />
        <span
          class="text-primary"
        >
          LT coaching
        </span>
      </h1>
      <p
        class="text-lg md:text-xl text-muted-foreground max-w-2xl mx-auto"
      >
        Transformez votre vie, votre entreprise , votre bien-être. Un accompagnement global sur-mesure:
        <br />
        Coaching personalisé, Nutrition, Yoga, Pilates et Soins Mère-enfant.
      </p>
    </section>
    <section
      class="py-4 px-4 max-w-5xl mx-auto text-center"
    >
      <h2
        class="text-3xl font-bold mb-4 text-primary"
      >
        Qui sommes-nous ?
      </h2>
      <p
        class="text-muted-foreground text-lg max-w-3xl mx-auto"
      >
        Deux Coachs sportifs diplômés avec plus de 7 ans d'expérience.
        <br />
        <br />
        Nous allons t'aider à transformer ton corps et ton mental.
        <br />
        <br />
        Que tu veuilles perdre du poids, prendre du muscle, améliorer ta santé global ou tes qualités physiques spécifiques.Ou encore être accompagné à la préparation de concours ou tests physiques.
        <br />
        <br />
        Nous t'accompagnerons pas à pas avec des séances sur-mesure personnalisées.
      </p>
    </section>
    <section
      class="py-6 px-6 text-center"
    >
      <h2
        class="text-3xl font-bold mb-4 text-primary"
      >
        Prêt à transformer ton corps et ta vie ?
      </h2>
      <p
        class="text-muted-foreground text-lg mb-8"
      >
        Contact nous dès maintenant et construisons ton plan ensemble.
      </p>
      <a
        href="/Contact"
      >
        <button
          class="inline-flex items-center justify-center gap-2 whitespace-nowrap text-sm ring-offset-background transition-colors focus-visible:outline-none focus-visible:ring-2 focus-visible:ring-ring focus-visible:ring-offset-2 disabled:pointer-events-none disabled:opacity-50 [&_svg]:pointer-events-none [&_svg]:size-4 [&_svg]:shrink-0 bg-primary text-card font-bold rounded-full h-10 px-6 py-3 hover:scale-110 hover:bg-primary/70"
        >
          Nous contacter
        </button>
      </a>
    </section>
  </main>
</DocumentFragment>
`;
